// Jest Snapshot v1, https://goo.gl/fbAQLP

exports[`Note component renders a .Note by default 1`] = `null`;
