// Jest Snapshot v1, https://goo.gl/fbAQLP

exports[`MemberPageMain component renders a .MemberPageMain by default 1`] = `
<section
  className="MemberPageMain"
>
  <NavConnectivityButton
    className="Nav__back-button"
    onClick={[Function]}
    role="link"
    tag="button"
  >
    <FontAwesomeIcon
      border={false}
      className=""
      fixedWidth={false}
      flip={null}
      icon={
        Array [
          "fa",
          "chevron-left",
        ]
      }
      inverse={false}
      listItem={false}
      mask={null}
      pull={null}
      pulse={false}
      rotation={null}
      size={null}
      spin={false}
      swapOpacity={false}
      symbol={false}
      title=""
      transform={null}
    />
    <br />
    Back
  </NavConnectivityButton>
  <Member
    onDeleteMember={[Function]}
  />
  <div
    className="MemberPageMain__content"
  >
    <p
      key="0"
    />
  </div>
</section>
`;
