// Jest Snapshot v1, https://goo.gl/fbAQLP

exports[`AddMessage component renders the complete form 1`] = `
<ContextConsumer>
  <Component />
</ContextConsumer>
`;
