// Jest Snapshot v1, https://goo.gl/fbAQLP

exports[`MemberListMain component renders a .MemberListMain by default 1`] = `
<div
  className="MemberListMain"
>
  <ul
    className="MemberListMain__list"
  />
  <div
    className="Main__button-container"
  >
    <NavConnectivityButton
      className="Main__add-button"
      tag={
        Object {
          "$$typeof": Symbol(react.forward_ref),
          "displayName": "Link",
          "propTypes": Object {
            "innerRef": [Function],
            "onClick": [Function],
            "replace": [Function],
            "target": [Function],
            "to": [Function],
          },
          "render": [Function],
        }
      }
      to="/add-member"
      type="button"
    >
      <FontAwesomeIcon
        border={false}
        className=""
        fixedWidth={false}
        flip={null}
        icon={
          Array [
            "fa",
            "plus",
          ]
        }
        inverse={false}
        listItem={false}
        mask={null}
        pull={null}
        pulse={false}
        rotation={null}
        size={null}
        spin={false}
        swapOpacity={false}
        symbol={false}
        title=""
        transform={null}
      />
      <br />
      Member
    </NavConnectivityButton>
  </div>
</div>
`;
