// Jest Snapshot v1, https://goo.gl/fbAQLP

exports[`PostListMain component renders a .PostListMain by default 1`] = `
<main
  className="PostListMain"
>
  <ul />
  <div
    className="PostListMain__button-container"
  >
    <NavCircleButton
      className="PostListMain__add-post-button"
      tag={
        Object {
          "$$typeof": Symbol(react.forward_ref),
          "displayName": "Link",
          "propTypes": Object {
            "innerRef": [Function],
            "onClick": [Function],
            "replace": [Function],
            "target": [Function],
            "to": [Function],
          },
          "render": [Function],
        }
      }
      to="/add-post"
      type="button"
    >
      <FontAwesomeIcon
        border={false}
        className=""
        fixedWidth={false}
        flip={null}
        icon={
          Array [
            "fa",
            "plus",
          ]
        }
        inverse={false}
        listItem={false}
        mask={null}
        pull={null}
        pulse={false}
        rotation={null}
        size={null}
        spin={false}
        swapOpacity={false}
        symbol={false}
        title=""
        transform={null}
      />
      <br />
      Post
    </NavCircleButton>
  </div>
</main>
`;
